******************************
2019-01-02 23:18 GMT+7
https://medium.com/@kajornsakp/line-x-dialogflow-%E0%B8%AA%E0%B8%A3%E0%B9%89%E0%B8%B2%E0%B8%87-chatbot-line-%E0%B9%81%E0%B8%9A%E0%B8%9A%E0%B8%87%E0%B9%88%E0%B8%B2%E0%B8%A2%E0%B9%86-%E0%B8%94%E0%B9%89%E0%B8%A7%E0%B8%A2-dialogflow-%E0%B9%81%E0%B8%A5%E0%B8%B0-line-bot-designer-%E0%B8%81%E0%B8%B1%E0%B8%99%E0%B9%80%E0%B8%96%E0%B8%AD%E0%B8%B0-572476c2eacd
https://developers.line.biz/en/reference/social-api-v2/#get-user-profile
https://developers.line.biz/en/reference/messaging-api/#image-message
https://medium.com/linedevth/%E0%B8%AA%E0%B8%A3%E0%B9%89%E0%B8%B2%E0%B8%87-line-bot-%E0%B8%94%E0%B9%89%E0%B8%A7%E0%B8%A2-messaging-api-%E0%B9%81%E0%B8%A5%E0%B8%B0-cloud-functions-for-firebase-20d284edea1b
https://www.thaicreate.com/php/forum/125128.html

******************************
2019-01-13 17:56 GMT+7
https://dialogflow.com/docs/tutorial-build-an-agent/create-fulfillment-using-webhook
https://codeburst.io/whats-a-webhook-1827b07a3ffa
https://dialogflow.com/docs/fulfillment/how-it-works
https://medium.com/@matthewayne/migrate-to-dialogflow-api-v2-2b1a77c71816
https://github.com/dialogflow/fulfillment-webhook-json/blob/master/requests/v2/ActionsOnGoogle/request.json

******************************
0000-00-00 00:00 GMT+0
